******************************************************************************
                  MSP430 Linker PC v21.6.0                     
******************************************************************************
>> Linked Fri Sep 16 21:08:03 2022

OUTPUT FILE NAME:   <kiln1.out>
ENTRY POINT SYMBOL: "_c_int00_noargs"  address: 00009050


MEMORY CONFIGURATION

         name            origin    length      used     unused   attr    fill
----------------------  --------  ---------  --------  --------  ----  --------
  SFR                   00000000   00000010  00000000  00000010  RWIX
  PERIPHERALS_8BIT      00000010   000000f0  00000000  000000f0  RWIX
  PERIPHERALS_16BIT     00000100   00000100  00000000  00000100  RWIX
  RAM                   00000200   00000400  000000e6  0000031a  RWIX
  INFOD                 00001000   00000040  00000000  00000040  RWIX
  INFOC                 00001040   00000040  00000000  00000040  RWIX
  INFOB                 00001080   00000040  00000000  00000040  RWIX
  INFOA                 000010c0   00000040  00000000  00000040  RWIX
  FLASH                 00008000   00007fde  00001a66  00006578  RWIX
  BSLSIGNATURE          0000ffde   00000002  00000002  00000000  RWIX  ffff 
  INT00                 0000ffe0   00000002  00000000  00000002  RWIX
  INT01                 0000ffe2   00000002  00000000  00000002  RWIX
  INT02                 0000ffe4   00000002  00000002  00000000  RWIX
  INT03                 0000ffe6   00000002  00000002  00000000  RWIX
  INT04                 0000ffe8   00000002  00000000  00000002  RWIX
  INT05                 0000ffea   00000002  00000002  00000000  RWIX
  INT06                 0000ffec   00000002  00000002  00000000  RWIX
  INT07                 0000ffee   00000002  00000002  00000000  RWIX
  INT08                 0000fff0   00000002  00000002  00000000  RWIX
  INT09                 0000fff2   00000002  00000002  00000000  RWIX
  INT10                 0000fff4   00000002  00000002  00000000  RWIX
  INT11                 0000fff6   00000002  00000000  00000002  RWIX
  INT12                 0000fff8   00000002  00000002  00000000  RWIX
  INT13                 0000fffa   00000002  00000002  00000000  RWIX
  INT14                 0000fffc   00000002  00000002  00000000  RWIX
  RESET                 0000fffe   00000002  00000002  00000000  RWIX


SECTION ALLOCATION MAP

 output                                  attributes/
section   page    origin      length       input sections
--------  ----  ----------  ----------   ----------------
.bss       0    00000200    00000070     UNINITIALIZED
                  00000200    00000040     (.common:adcbuffer)
                  00000240    0000002a     (.common:profile)
                  0000026a    00000006     lcd.obj (.bss:decbuffer$1)

.data      0    00000270    00000026     UNINITIALIZED
                  00000270    00000014     scheduler.obj (.data)
                  00000284    00000005     encoder.obj (.data)
                  00000289    00000001     --HOLE--
                  0000028a    00000004     main.obj (.data)
                  0000028e    00000004     triac.obj (.data)
                  00000292    00000002     adc10.obj (.data)
                  00000294    00000002     thermocouple.obj (.data)

.stack     0    000005b0    00000050     UNINITIALIZED
                  000005b0    00000002     rts430_eabi.lib : boot.c.obj (.stack)
                  000005b2    0000004e     --HOLE--

.text      0    00008000    0000115c     
                  00008000    00000216     main.obj (.text:update_display)
                  00008216    000001a8     scheduler.obj (.text:tb_isr_1Hz)
                  000083be    0000015c     encoder.obj (.text:encoder_isr)
                  0000851a    0000014e     main.obj (.text:main)
                  00008668    00000132     rts430_eabi.lib : fs_add.asm.obj (.text)
                  0000879a    000000b4     lcd.obj (.text:lcd_init)
                  0000884e    0000009c     rts430_eabi.lib : fs_div.asm.obj (.text)
                  000088ea    00000096     lcd.obj (.text:lcd_print_num)
                  00008980    0000008e     encoder.obj (.text:encoder_change)
                  00008a0e    0000007e     adc10.obj (.text:adc10_update_average)
                  00008a8c    0000007c     rts430_eabi.lib : copy_decompress_lzss.c.obj (.text:decompress:lzss:__TI_decompress_lzss)
                  00008b08    00000068                     : fs_toi.asm.obj (.text)
                  00008b70    00000068     scheduler.obj (.text:scheduler_init)
                  00008bd8    0000005c     rts430_eabi.lib : lsr32.asm.obj (.text:l_lsr_const)
                  00008c34    00000058                     : div32u.asm.obj (.text)
                  00008c8c    0000004c                     : lsr16.asm.obj (.text)
                  00008cd8    0000004a     triac.obj (.text:triac_init)
                  00008d22    00000048     main.obj (.text:init)
                  00008d6a    00000042     rts430_eabi.lib : autoinit.c.obj (.text:__TI_auto_init_nobinit_nopinit:__TI_auto_init_nobinit_nopinit)
                  00008dac    0000003a     lcd.obj (.text:delay)
                  00008de6    00000036     lcd.obj (.text:lcd_cursor_to)
                  00008e1c    00000036     lcd.obj (.text:lcd_send_cmd)
                  00008e52    00000036     rts430_eabi.lib : fs_itof.asm.obj (.text)
                  00008e88    00000032     lcd.obj (.text:lcd_send_char)
                  00008eba    00000032     triac.obj (.text:triac_set_power)
                  00008eec    00000030     triac.obj (.text:ta_isr)
                  00008f1c    0000002c     lcd.obj (.text:lcd_print_string)
                  00008f48    0000002c     rts430_eabi.lib : asr16.asm.obj (.text)
                  00008f74    0000002c                     : lsl16.asm.obj (.text)
                  00008fa0    00000028     encoder.obj (.text:encoder_button_up)
                  00008fc8    00000026     rts430_eabi.lib : mult32.asm.obj (.text)
                  00008fee    00000024                     : fs_utof.asm.obj (.text)
                  00009012    00000020     encoder.obj (.text:encoder_init)
                  00009032    0000001e     triac.obj (.text:triac_reset_ccr2)
                  00009050    0000001c     rts430_eabi.lib : boot.c.obj (.text:_c_int00_noargs)
                  0000906c    0000001c     adc10.obj (.text:adc10_init)
                  00009088    0000001a     lcd.obj (.text:lcd_strobe)
                  000090a2    0000001a     triac.obj (.text:ta_ccr0)
                  000090bc    00000016     rts430_eabi.lib : div16u.asm.obj (.text)
                  000090d2    00000014     adc10.obj (.text:adc10_poll)
                  000090e6    00000014     rts430_eabi.lib : copy_zero_init.c.obj (.text:decompress:ZI:__TI_zero_init_nomemset:__TI_zero_init_nomemset)
                  000090fa    00000014                     : mult16.asm.obj (.text)
                  0000910e    00000012                     : copy_decompress_none.c.obj (.text:decompress:none:__TI_decompress_none)
                  00009120    00000012                     : memcpy.c.obj (.text:memcpy)
                  00009132    00000010                     : epilog.asm.obj (.text)
                  00009142    00000008                     : isr_trap.asm.obj (.text:_isr:__TI_ISR_TRAP)
                  0000914a    00000006                     : exit.c.obj (.text:abort)
                  00009150    00000006     encoder.obj (.text:encoder_button_down)
                  00009156    00000004     rts430_eabi.lib : pre_init.c.obj (.text:_system_pre_init)
                  0000915a    00000002                     : startup.c.obj (.text:_system_post_cinit)

.const     0    0000915c    000008e6     
                  0000915c    00000800     thermocouple.obj (.const:tempconvert)
                  0000995c    000000e6     main.obj (.const:.string)

.cinit     0    00009a42    00000024     
                  00009a42    00000012     (.cinit..data.load) [load image, compression = lzss]
                  00009a54    00000006     (__TI_handler_table)
                  00009a5a    00000004     (.cinit..bss.load) [load image, compression = zero_init]
                  00009a5e    00000008     (__TI_cinit_table)

.binit     0    00008000    00000000     

.init_array 
*          0    00008000    00000000     UNINITIALIZED

PORT1      0    0000ffe4    00000002     
                  0000ffe4    00000002     rts430_eabi.lib : int02.asm.obj (.int02)

PORT2      0    0000ffe6    00000002     
                  0000ffe6    00000002     encoder.obj (.int03)

ADC10      0    0000ffea    00000002     
                  0000ffea    00000002     rts430_eabi.lib : int05.asm.obj (.int05)

USCIAB0TX 
*          0    0000ffec    00000002     
                  0000ffec    00000002     rts430_eabi.lib : int06.asm.obj (.int06)

USCIAB0RX 
*          0    0000ffee    00000002     
                  0000ffee    00000002     rts430_eabi.lib : int07.asm.obj (.int07)

TIMERA1    0    0000fff0    00000002     
                  0000fff0    00000002     triac.obj (.int08)

TIMERA0    0    0000fff2    00000002     
                  0000fff2    00000002     triac.obj (.int09)

WDT        0    0000fff4    00000002     
                  0000fff4    00000002     rts430_eabi.lib : int10.asm.obj (.int10)

TIMERB1    0    0000fff8    00000002     
                  0000fff8    00000002     rts430_eabi.lib : int12.asm.obj (.int12)

TIMERB0    0    0000fffa    00000002     
                  0000fffa    00000002     scheduler.obj (.int13)

NMI        0    0000fffc    00000002     
                  0000fffc    00000002     rts430_eabi.lib : int14.asm.obj (.int14)

.reset     0    0000fffe    00000002     
                  0000fffe    00000002     rts430_eabi.lib : boot.c.obj (.reset)

$fill000   0    0000ffde    00000002     
                  0000ffde    00000002     --HOLE-- [fill = ffff]

MODULE SUMMARY

       Module                       code   ro data   rw data
       ------                       ----   -------   -------
    .\
       thermocouple.obj             0      2048      2      
       main.obj                     940    230       4      
       lcd.obj                      616    0         6      
       scheduler.obj                528    2         62     
       encoder.obj                  568    2         5      
       adc10.obj                    174    0         66     
       triac.obj                    228    4         4      
    +--+----------------------------+------+---------+---------+
       Total:                       3054   2286      149    
                                                            
    C:\ti\ccs1200\ccs\tools\compiler\ti-cgt-msp430_21.6.0.LTS\lib\rts430_eabi.lib
       fs_add.asm.obj               306    0         0      
       fs_div.asm.obj               156    0         0      
       copy_decompress_lzss.c.obj   124    0         0      
       fs_toi.asm.obj               104    0         0      
       lsr32.asm.obj                92     0         0      
       div32u.asm.obj               88     0         0      
       lsr16.asm.obj                76     0         0      
       autoinit.c.obj               66     0         0      
       fs_itof.asm.obj              54     0         0      
       asr16.asm.obj                44     0         0      
       lsl16.asm.obj                44     0         0      
       mult32.asm.obj               38     0         0      
       fs_utof.asm.obj              36     0         0      
       boot.c.obj                   28     2         0      
       div16u.asm.obj               22     0         0      
       copy_zero_init.c.obj         20     0         0      
       mult16.asm.obj               20     0         0      
       copy_decompress_none.c.obj   18     0         0      
       memcpy.c.obj                 18     0         0      
       epilog.asm.obj               16     0         0      
       isr_trap.asm.obj             8      0         0      
       exit.c.obj                   6      0         0      
       pre_init.c.obj               4      0         0      
       int02.asm.obj                0      2         0      
       int05.asm.obj                0      2         0      
       int06.asm.obj                0      2         0      
       int07.asm.obj                0      2         0      
       int10.asm.obj                0      2         0      
       int12.asm.obj                0      2         0      
       int14.asm.obj                0      2         0      
       startup.c.obj                2      0         0      
    +--+----------------------------+------+---------+---------+
       Total:                       1390   16        0      
                                                            
       Stack:                       0      0         80     
       Linker Generated:            0      36        0      
    +--+----------------------------+------+---------+---------+
       Grand Total:                 4444   2338      229    


LINKER GENERATED COPY TABLES

__TI_cinit_table @ 00009a5e records: 2, size/record: 4, table size: 8
	.data: load addr=00009a42, load size=00000012 bytes, run addr=00000270, run size=00000026 bytes, compression=lzss
	.bss: load addr=00009a5a, load size=00000004 bytes, run addr=00000200, run size=00000070 bytes, compression=zero_init


LINKER GENERATED HANDLER TABLE

__TI_handler_table @ 00009a54 records: 3, size/record: 2, table size: 6
	index: 0, handler: __TI_zero_init
	index: 1, handler: __TI_decompress_lzss
	index: 2, handler: __TI_decompress_none


GLOBAL SYMBOLS: SORTED ALPHABETICALLY BY Name 

address   name                          
-------   ----                          
0000004a  ADC10AE0                      
0000004b  ADC10AE1                      
000001b0  ADC10CTL0                     
000001b2  ADC10CTL1                     
00000048  ADC10DTC0                     
00000049  ADC10DTC1                     
000001b4  ADC10MEM                      
000001bc  ADC10SA                       
00000057  BCSCTL1                       
00000058  BCSCTL2                       
00000053  BCSCTL3                       
0000914a  C$$EXIT                       
000010fb  CALBC1_12MHZ                  
000010f9  CALBC1_16MHZ                  
000010ff  CALBC1_1MHZ                   
000010fd  CALBC1_8MHZ                   
000010fa  CALDCO_12MHZ                  
000010f8  CALDCO_16MHZ                  
000010fe  CALDCO_1MHZ                   
000010fc  CALDCO_8MHZ                   
00000056  DCOCTL                        
00000128  FCTL1                         
0000012a  FCTL2                         
0000012c  FCTL3                         
00000000  IE1                           
00000001  IE2                           
00000002  IFG1                          
00000003  IFG2                          
000000c0  OA0CTL0                       
000000c1  OA0CTL1                       
000000c2  OA1CTL0                       
000000c3  OA1CTL1                       
00000022  P1DIR                         
00000025  P1IE                          
00000024  P1IES                         
00000023  P1IFG                         
00000020  P1IN                          
00000021  P1OUT                         
00000027  P1REN                         
00000026  P1SEL                         
0000002a  P2DIR                         
0000002d  P2IE                          
0000002c  P2IES                         
0000002b  P2IFG                         
00000028  P2IN                          
00000029  P2OUT                         
0000002f  P2REN                         
0000002e  P2SEL                         
0000001a  P3DIR                         
00000018  P3IN                          
00000019  P3OUT                         
00000010  P3REN                         
0000001b  P3SEL                         
0000001e  P4DIR                         
0000001c  P4IN                          
0000001d  P4OUT                         
00000011  P4REN                         
0000001f  P4SEL                         
00000172  TACCR0                        
00000174  TACCR1                        
00000176  TACCR2                        
00000162  TACCTL0                       
00000164  TACCTL1                       
00000166  TACCTL2                       
00000160  TACTL                         
0000012e  TAIV                          
00000170  TAR                           
00000192  TBCCR0                        
00000194  TBCCR1                        
00000196  TBCCR2                        
00000182  TBCCTL0                       
00000184  TBCCTL1                       
00000186  TBCCTL2                       
00000180  TBCTL                         
0000011e  TBIV                          
00000190  TBR                           
0000005d  UCA0ABCTL                     
00000062  UCA0BR0                       
00000063  UCA0BR1                       
00000060  UCA0CTL0                      
00000061  UCA0CTL1                      
0000005f  UCA0IRRCTL                    
0000005e  UCA0IRTCTL                    
00000064  UCA0MCTL                      
00000066  UCA0RXBUF                     
00000065  UCA0STAT                      
00000067  UCA0TXBUF                     
0000006a  UCB0BR0                       
0000006b  UCB0BR1                       
00000068  UCB0CTL0                      
00000069  UCB0CTL1                      
0000006c  UCB0I2CIE                     
00000118  UCB0I2COA                     
0000011a  UCB0I2CSA                     
0000006e  UCB0RXBUF                     
0000006d  UCB0STAT                      
0000006f  UCB0TXBUF                     
00000120  WDTCTL                        
00000600  __STACK_END                   
00000050  __STACK_SIZE                  
00009a5e  __TI_CINIT_Base               
00009a66  __TI_CINIT_Limit              
00009a66  __TI_CINIT_Warm               
00009a54  __TI_Handler_Table_Base       
00009a5a  __TI_Handler_Table_Limit      
00009142  __TI_ISR_TRAP                 
00008d6a  __TI_auto_init_nobinit_nopinit
00008a8c  __TI_decompress_lzss          
0000910e  __TI_decompress_none          
0000ffe4  __TI_int02                    
0000ffe6  __TI_int03                    
0000ffea  __TI_int05                    
0000ffec  __TI_int06                    
0000ffee  __TI_int07                    
0000fff0  __TI_int08                    
0000fff2  __TI_int09                    
0000fff4  __TI_int10                    
0000fff8  __TI_int12                    
0000fffa  __TI_int13                    
0000fffc  __TI_int14                    
ffffffff  __TI_pprof_out_hndl           
ffffffff  __TI_prof_data_size           
ffffffff  __TI_prof_data_start          
000090e6  __TI_zero_init_nomemset       
ffffffff  __c_args__                    
0000866e  __mspabi_addf                 
0000884e  __mspabi_divf                 
000090bc  __mspabi_divu                 
00008c34  __mspabi_divul                
00008b08  __mspabi_fixfi                
00008e52  __mspabi_fltif                
00008fee  __mspabi_fltuf                
0000913e  __mspabi_func_epilog_1        
0000913c  __mspabi_func_epilog_2        
0000913a  __mspabi_func_epilog_3        
00009138  __mspabi_func_epilog_4        
00009136  __mspabi_func_epilog_5        
00009134  __mspabi_func_epilog_6        
00009132  __mspabi_func_epilog_7        
000090fa  __mspabi_mpyi                 
000090fa  __mspabi_mpyi_sw              
00008fc8  __mspabi_mpyl                 
00008fc8  __mspabi_mpyl_sw              
000090bc  __mspabi_remu                 
00008c34  __mspabi_remul                
00008f74  __mspabi_slli                 
00008f9c  __mspabi_slli_1               
00008f8a  __mspabi_slli_10              
00008f88  __mspabi_slli_11              
00008f86  __mspabi_slli_12              
00008f84  __mspabi_slli_13              
00008f82  __mspabi_slli_14              
00008f80  __mspabi_slli_15              
00008f9a  __mspabi_slli_2               
00008f98  __mspabi_slli_3               
00008f96  __mspabi_slli_4               
00008f94  __mspabi_slli_5               
00008f92  __mspabi_slli_6               
00008f90  __mspabi_slli_7               
00008f8e  __mspabi_slli_8               
00008f8c  __mspabi_slli_9               
00008f48  __mspabi_srai                 
00008f70  __mspabi_srai_1               
00008f5e  __mspabi_srai_10              
00008f5c  __mspabi_srai_11              
00008f5a  __mspabi_srai_12              
00008f58  __mspabi_srai_13              
00008f56  __mspabi_srai_14              
00008f54  __mspabi_srai_15              
00008f6e  __mspabi_srai_2               
00008f6c  __mspabi_srai_3               
00008f6a  __mspabi_srai_4               
00008f68  __mspabi_srai_5               
00008f66  __mspabi_srai_6               
00008f64  __mspabi_srai_7               
00008f62  __mspabi_srai_8               
00008f60  __mspabi_srai_9               
00008c8c  __mspabi_srli                 
00008cd2  __mspabi_srli_1               
00008cae  __mspabi_srli_10              
00008caa  __mspabi_srli_11              
00008ca6  __mspabi_srli_12              
00008ca2  __mspabi_srli_13              
00008c9e  __mspabi_srli_14              
00008c9a  __mspabi_srli_15              
00008cce  __mspabi_srli_2               
00008cca  __mspabi_srli_3               
00008cc6  __mspabi_srli_4               
00008cc2  __mspabi_srli_5               
00008cbe  __mspabi_srli_6               
00008cba  __mspabi_srli_7               
00008cb6  __mspabi_srli_8               
00008cb2  __mspabi_srli_9               
00008c2c  __mspabi_srll_1               
00008bf6  __mspabi_srll_10              
00008bf0  __mspabi_srll_11              
00008bea  __mspabi_srll_12              
00008be4  __mspabi_srll_13              
00008bde  __mspabi_srll_14              
00008bd8  __mspabi_srll_15              
00008c26  __mspabi_srll_2               
00008c20  __mspabi_srll_3               
00008c1a  __mspabi_srll_4               
00008c14  __mspabi_srll_5               
00008c0e  __mspabi_srll_6               
00008c08  __mspabi_srll_7               
00008c02  __mspabi_srll_8               
00008bfc  __mspabi_srll_9               
00008668  __mspabi_subf                 
00009050  _c_int00_noargs               
0000fffe  _reset_vector                 
000005b0  _stack                        
0000915a  _system_post_cinit            
00009156  _system_pre_init              
0000914a  abort                         
0000906c  adc10_init                    
000090d2  adc10_poll                    
00008a0e  adc10_update_average          
00000200  adcbuffer                     
00008dac  delay                         
00000285  encoder_button                
00009150  encoder_button_down           
00008fa0  encoder_button_up             
00008980  encoder_change                
00009012  encoder_init                  
000083be  encoder_isr                   
00000284  encoderpos                    
0000028c  i                             
00008d22  init                          
00008de6  lcd_cursor_to                 
0000879a  lcd_init                      
000088ea  lcd_print_num                 
00008f1c  lcd_print_string              
00008e88  lcd_send_char                 
00008e1c  lcd_send_cmd                  
00009088  lcd_strobe                    
0000851a  main                          
00009120  memcpy                        
00000240  profile                       
00000274  ramp                          
00000278  ramp_transition_time          
00008b70  scheduler_init                
00000270  seconds                       
0000028a  setpoint                      
00000276  status                        
000090a2  ta_ccr0                       
00008eec  ta_isr                        
00008216  tb_isr_1Hz                    
0000915c  tempconvert                   
00000294  thermocouple_temp             
00008cd8  triac_init                    
00000290  triac_new_triggerphase        
00009032  triac_reset_ccr2              
00008eba  triac_set_power               
0000028e  triac_triggerphase            
00008000  update_display                


GLOBAL SYMBOLS: SORTED BY Symbol Address 

address   name                          
-------   ----                          
00000000  IE1                           
00000001  IE2                           
00000002  IFG1                          
00000003  IFG2                          
00000010  P3REN                         
00000011  P4REN                         
00000018  P3IN                          
00000019  P3OUT                         
0000001a  P3DIR                         
0000001b  P3SEL                         
0000001c  P4IN                          
0000001d  P4OUT                         
0000001e  P4DIR                         
0000001f  P4SEL                         
00000020  P1IN                          
00000021  P1OUT                         
00000022  P1DIR                         
00000023  P1IFG                         
00000024  P1IES                         
00000025  P1IE                          
00000026  P1SEL                         
00000027  P1REN                         
00000028  P2IN                          
00000029  P2OUT                         
0000002a  P2DIR                         
0000002b  P2IFG                         
0000002c  P2IES                         
0000002d  P2IE                          
0000002e  P2SEL                         
0000002f  P2REN                         
00000048  ADC10DTC0                     
00000049  ADC10DTC1                     
0000004a  ADC10AE0                      
0000004b  ADC10AE1                      
00000050  __STACK_SIZE                  
00000053  BCSCTL3                       
00000056  DCOCTL                        
00000057  BCSCTL1                       
00000058  BCSCTL2                       
0000005d  UCA0ABCTL                     
0000005e  UCA0IRTCTL                    
0000005f  UCA0IRRCTL                    
00000060  UCA0CTL0                      
00000061  UCA0CTL1                      
00000062  UCA0BR0                       
00000063  UCA0BR1                       
00000064  UCA0MCTL                      
00000065  UCA0STAT                      
00000066  UCA0RXBUF                     
00000067  UCA0TXBUF                     
00000068  UCB0CTL0                      
00000069  UCB0CTL1                      
0000006a  UCB0BR0                       
0000006b  UCB0BR1                       
0000006c  UCB0I2CIE                     
0000006d  UCB0STAT                      
0000006e  UCB0RXBUF                     
0000006f  UCB0TXBUF                     
000000c0  OA0CTL0                       
000000c1  OA0CTL1                       
000000c2  OA1CTL0                       
000000c3  OA1CTL1                       
00000118  UCB0I2COA                     
0000011a  UCB0I2CSA                     
0000011e  TBIV                          
00000120  WDTCTL                        
00000128  FCTL1                         
0000012a  FCTL2                         
0000012c  FCTL3                         
0000012e  TAIV                          
00000160  TACTL                         
00000162  TACCTL0                       
00000164  TACCTL1                       
00000166  TACCTL2                       
00000170  TAR                           
00000172  TACCR0                        
00000174  TACCR1                        
00000176  TACCR2                        
00000180  TBCTL                         
00000182  TBCCTL0                       
00000184  TBCCTL1                       
00000186  TBCCTL2                       
00000190  TBR                           
00000192  TBCCR0                        
00000194  TBCCR1                        
00000196  TBCCR2                        
000001b0  ADC10CTL0                     
000001b2  ADC10CTL1                     
000001b4  ADC10MEM                      
000001bc  ADC10SA                       
00000200  adcbuffer                     
00000240  profile                       
00000270  seconds                       
00000274  ramp                          
00000276  status                        
00000278  ramp_transition_time          
00000284  encoderpos                    
00000285  encoder_button                
0000028a  setpoint                      
0000028c  i                             
0000028e  triac_triggerphase            
00000290  triac_new_triggerphase        
00000294  thermocouple_temp             
000005b0  _stack                        
00000600  __STACK_END                   
000010f8  CALDCO_16MHZ                  
000010f9  CALBC1_16MHZ                  
000010fa  CALDCO_12MHZ                  
000010fb  CALBC1_12MHZ                  
000010fc  CALDCO_8MHZ                   
000010fd  CALBC1_8MHZ                   
000010fe  CALDCO_1MHZ                   
000010ff  CALBC1_1MHZ                   
00008000  update_display                
00008216  tb_isr_1Hz                    
000083be  encoder_isr                   
0000851a  main                          
00008668  __mspabi_subf                 
0000866e  __mspabi_addf                 
0000879a  lcd_init                      
0000884e  __mspabi_divf                 
000088ea  lcd_print_num                 
00008980  encoder_change                
00008a0e  adc10_update_average          
00008a8c  __TI_decompress_lzss          
00008b08  __mspabi_fixfi                
00008b70  scheduler_init                
00008bd8  __mspabi_srll_15              
00008bde  __mspabi_srll_14              
00008be4  __mspabi_srll_13              
00008bea  __mspabi_srll_12              
00008bf0  __mspabi_srll_11              
00008bf6  __mspabi_srll_10              
00008bfc  __mspabi_srll_9               
00008c02  __mspabi_srll_8               
00008c08  __mspabi_srll_7               
00008c0e  __mspabi_srll_6               
00008c14  __mspabi_srll_5               
00008c1a  __mspabi_srll_4               
00008c20  __mspabi_srll_3               
00008c26  __mspabi_srll_2               
00008c2c  __mspabi_srll_1               
00008c34  __mspabi_divul                
00008c34  __mspabi_remul                
00008c8c  __mspabi_srli                 
00008c9a  __mspabi_srli_15              
00008c9e  __mspabi_srli_14              
00008ca2  __mspabi_srli_13              
00008ca6  __mspabi_srli_12              
00008caa  __mspabi_srli_11              
00008cae  __mspabi_srli_10              
00008cb2  __mspabi_srli_9               
00008cb6  __mspabi_srli_8               
00008cba  __mspabi_srli_7               
00008cbe  __mspabi_srli_6               
00008cc2  __mspabi_srli_5               
00008cc6  __mspabi_srli_4               
00008cca  __mspabi_srli_3               
00008cce  __mspabi_srli_2               
00008cd2  __mspabi_srli_1               
00008cd8  triac_init                    
00008d22  init                          
00008d6a  __TI_auto_init_nobinit_nopinit
00008dac  delay                         
00008de6  lcd_cursor_to                 
00008e1c  lcd_send_cmd                  
00008e52  __mspabi_fltif                
00008e88  lcd_send_char                 
00008eba  triac_set_power               
00008eec  ta_isr                        
00008f1c  lcd_print_string              
00008f48  __mspabi_srai                 
00008f54  __mspabi_srai_15              
00008f56  __mspabi_srai_14              
00008f58  __mspabi_srai_13              
00008f5a  __mspabi_srai_12              
00008f5c  __mspabi_srai_11              
00008f5e  __mspabi_srai_10              
00008f60  __mspabi_srai_9               
00008f62  __mspabi_srai_8               
00008f64  __mspabi_srai_7               
00008f66  __mspabi_srai_6               
00008f68  __mspabi_srai_5               
00008f6a  __mspabi_srai_4               
00008f6c  __mspabi_srai_3               
00008f6e  __mspabi_srai_2               
00008f70  __mspabi_srai_1               
00008f74  __mspabi_slli                 
00008f80  __mspabi_slli_15              
00008f82  __mspabi_slli_14              
00008f84  __mspabi_slli_13              
00008f86  __mspabi_slli_12              
00008f88  __mspabi_slli_11              
00008f8a  __mspabi_slli_10              
00008f8c  __mspabi_slli_9               
00008f8e  __mspabi_slli_8               
00008f90  __mspabi_slli_7               
00008f92  __mspabi_slli_6               
00008f94  __mspabi_slli_5               
00008f96  __mspabi_slli_4               
00008f98  __mspabi_slli_3               
00008f9a  __mspabi_slli_2               
00008f9c  __mspabi_slli_1               
00008fa0  encoder_button_up             
00008fc8  __mspabi_mpyl                 
00008fc8  __mspabi_mpyl_sw              
00008fee  __mspabi_fltuf                
00009012  encoder_init                  
00009032  triac_reset_ccr2              
00009050  _c_int00_noargs               
0000906c  adc10_init                    
00009088  lcd_strobe                    
000090a2  ta_ccr0                       
000090bc  __mspabi_divu                 
000090bc  __mspabi_remu                 
000090d2  adc10_poll                    
000090e6  __TI_zero_init_nomemset       
000090fa  __mspabi_mpyi                 
000090fa  __mspabi_mpyi_sw              
0000910e  __TI_decompress_none          
00009120  memcpy                        
00009132  __mspabi_func_epilog_7        
00009134  __mspabi_func_epilog_6        
00009136  __mspabi_func_epilog_5        
00009138  __mspabi_func_epilog_4        
0000913a  __mspabi_func_epilog_3        
0000913c  __mspabi_func_epilog_2        
0000913e  __mspabi_func_epilog_1        
00009142  __TI_ISR_TRAP                 
0000914a  C$$EXIT                       
0000914a  abort                         
00009150  encoder_button_down           
00009156  _system_pre_init              
0000915a  _system_post_cinit            
0000915c  tempconvert                   
00009a54  __TI_Handler_Table_Base       
00009a5a  __TI_Handler_Table_Limit      
00009a5e  __TI_CINIT_Base               
00009a66  __TI_CINIT_Limit              
00009a66  __TI_CINIT_Warm               
0000ffe4  __TI_int02                    
0000ffe6  __TI_int03                    
0000ffea  __TI_int05                    
0000ffec  __TI_int06                    
0000ffee  __TI_int07                    
0000fff0  __TI_int08                    
0000fff2  __TI_int09                    
0000fff4  __TI_int10                    
0000fff8  __TI_int12                    
0000fffa  __TI_int13                    
0000fffc  __TI_int14                    
0000fffe  _reset_vector                 
ffffffff  __TI_pprof_out_hndl           
ffffffff  __TI_prof_data_size           
ffffffff  __TI_prof_data_start          
ffffffff  __c_args__                    

[256 symbols]
